sneaking KeyW took=true 
sneaking KeyA took=true 
sneaking KeyS took=true 
sneaking KeyD took=true 
sneaking ShiftLeft took=true 
sneaking Space took=true 
sneaking KeyC took=true 
sneaking KeyV took=true 
sneaking KeyE took=true 
sneaking KeyR took=true 
sneaking KeyT took=true 
sneaking KeyX took=true 
sneaking KeyG took=true 
sneaking KeyQ took=true 
sneaking KeyF took=true 
sneaking KeyZ took=true 
sneaking KeyB took=true 
sneaking KeyH took=true 
sneaking KeyI took=true 
sneaking KeyM took=true 
sneaking KeyY took=true 
sneaking Tab took=true 
sneaking Escape took=true 
sneaking Enter took=true 
sneaking Digit1 took=true 
sneaking Digit2 took=true 
sneaking Digit3 took=true 
sneaking Digit4 took=true 
sneaking Digit5 took=true 
sneaking Digit6 took=true 
sneaking wheel+ took=true 
sneaking wheel- took=true 
sneaking shift+wheel took=true 
sneaking lmb-tap took=true 
sneaking lmb-hold took=true 
sneaking rmb-tap took=true 
sneaking rmb-hold took=true 
sneaking mmb took=true 
jogging KeyW took=true 
jogging KeyA took=true 
jogging KeyS took=true 
jogging KeyD took=true 
jogging ShiftLeft took=true 
jogging Space took=true 
jogging KeyC took=true 
jogging KeyV took=true 
jogging KeyE took=true 
jogging KeyR took=true 
jogging KeyT took=true 
jogging KeyX took=true 
jogging KeyG took=true 
jogging KeyQ took=true 
jogging KeyF took=true 
jogging KeyZ took=true 
jogging KeyB took=true 
jogging KeyH took=true 
jogging KeyI took=true 
jogging KeyM took=true 
jogging KeyY took=true 
jogging Tab took=true 
jogging Escape took=true 
jogging Enter took=true 
jogging Digit1 took=true 
jogging Digit2 took=true 
jogging Digit3 took=true 
jogging Digit4 took=true 
jogging Digit5 took=true 
jogging Digit6 took=true 
jogging wheel+ took=true 
jogging wheel- took=true 
jogging shift+wheel took=true 
jogging lmb-tap took=true 
jogging lmb-hold took=true 
jogging rmb-tap took=true 
jogging rmb-hold took=true 
jogging mmb took=true 
sprinting KeyW took=true 
sprinting KeyA took=true 
sprinting KeyS took=true 
sprinting KeyD took=true 
sprinting ShiftLeft took=true 
sprinting Space took=true 
sprinting KeyC took=true 
sprinting KeyV took=true 
sprinting KeyE took=true 
sprinting KeyR took=true 
sprinting KeyT took=true 
sprinting KeyX took=true 
sprinting KeyG took=true 
sprinting KeyQ took=true 
sprinting KeyF took=true 
sprinting KeyZ took=true 
sprinting KeyB took=true 
sprinting KeyH took=true 
sprinting KeyI took=true 
sprinting KeyM took=true 
sprinting KeyY took=true 
sprinting Tab took=true 
sprinting Escape took=true 
sprinting Enter took=true 
sprinting Digit1 took=true 
sprinting Digit2 took=true 
sprinting Digit3 took=true 
sprinting Digit4 took=true 
sprinting Digit5 took=true 
sprinting Digit6 took=true 
sprinting wheel+ took=true 
sprinting wheel- took=true 
sprinting shift+wheel took=true 
sprinting lmb-tap took=true 
sprinting lmb-hold took=true 
sprinting rmb-tap took=true 
sprinting rmb-hold took=true 
sprinting mmb took=true 
crouching KeyW took=true 
crouching KeyA took=true 
crouching KeyS took=true 
crouching KeyD took=true 
crouching ShiftLeft took=true 
crouching Space took=true 
crouching KeyC took=true 
crouching KeyV took=true 
crouching KeyE took=true 
crouching KeyR took=true 
crouching KeyT took=true 
crouching KeyX took=true 
crouching KeyG took=true 
crouching KeyQ took=true 
crouching KeyF took=true 
crouching KeyZ took=true 
crouching KeyB took=true 
crouching KeyH took=true 
crouching KeyI took=true 
crouching KeyM took=true 
crouching KeyY took=true 
crouching Tab took=true 
crouching Escape took=true 
crouching Enter took=true 
crouching Digit1 took=true 
crouching Digit2 took=true 
crouching Digit3 took=true 
crouching Digit4 took=true 
crouching Digit5 took=true 
crouching Digit6 took=true 
crouching wheel+ took=true 
crouching wheel- took=true 
crouching shift+wheel took=true 
crouching lmb-tap took=true 
crouching lmb-hold took=true 
crouching rmb-tap took=true 
crouching rmb-hold took=true 
crouching mmb took=true 
sliding KeyW took=true 
sliding KeyA took=true 
sliding KeyS took=true 
sliding KeyD took=true 
sliding ShiftLeft took=true 
sliding Space took=true 
sliding KeyC took=true 
sliding KeyV took=true 
sliding KeyE took=true 
sliding KeyR took=true 
sliding KeyT took=true 
sliding KeyX took=true 
sliding KeyG took=true 
sliding KeyQ took=true 
sliding KeyF took=true 
sliding KeyZ took=true 
sliding KeyB took=true 
sliding KeyH took=true 
sliding KeyI took=true 
sliding KeyM took=true 
sliding KeyY took=true 
sliding Tab took=true 
sliding Escape took=true 
sliding Enter took=true 
sliding Digit1 took=true 
sliding Digit2 took=true 
sliding Digit3 took=true 
sliding Digit4 took=true 
sliding Digit5 took=true 
sliding Digit6 took=true 
sliding wheel+ took=true 
sliding wheel- took=true 
sliding shift+wheel took=true 
sliding lmb-tap took=true 
sliding lmb-hold took=true 
sliding rmb-tap took=true 
sliding rmb-hold took=true 
sliding mmb took=true 
jump-1 KeyW took=true 
jump-1 KeyA took=true 
jump-1 KeyS took=true 
jump-1 KeyD took=true 
jump-1 ShiftLeft took=true 
jump-1 Space took=true 
jump-1 KeyC took=true 
jump-1 KeyV took=true 
jump-1 KeyE took=true 
jump-1 KeyR took=true 
jump-1 KeyT took=true 
jump-1 KeyX took=true 
jump-1 KeyG took=true 
jump-1 KeyQ took=true 
jump-1 KeyF took=true 
jump-1 KeyZ took=true 
jump-1 KeyB took=true 
jump-1 KeyH took=true 
jump-1 KeyI took=true 
jump-1 KeyM took=true 
jump-1 KeyY took=true 
jump-1 Tab took=true 
jump-1 Escape took=true 
jump-1 Enter took=true 
jump-1 Digit1 took=true 
jump-1 Digit2 took=true 
jump-1 Digit3 took=true 
jump-1 Digit4 took=true 
jump-1 Digit5 took=true 
jump-1 Digit6 took=true 
jump-1 wheel+ took=true 
jump-1 wheel- took=true 
jump-1 shift+wheel took=true 
jump-1 lmb-tap took=true 
jump-1 lmb-hold took=true 
jump-1 rmb-tap took=true 
jump-1 rmb-hold took=true 
jump-1 mmb took=true 
jump-2 KeyW took=true 
jump-2 KeyA took=true 
jump-2 KeyS took=true 
jump-2 KeyD took=true 
jump-2 ShiftLeft took=true 
jump-2 Space took=true 
jump-2 KeyC took=true 
jump-2 KeyV took=true 
jump-2 KeyE took=true 
jump-2 KeyR took=true 
jump-2 KeyT took=true 
jump-2 KeyX took=true 
jump-2 KeyG took=true 
jump-2 KeyQ took=true 
jump-2 KeyF took=true 
jump-2 KeyZ took=true 
jump-2 KeyB took=true 
jump-2 KeyH took=true 
jump-2 KeyI took=true 
jump-2 KeyM took=true 
jump-2 KeyY took=true 
jump-2 Tab took=true 
jump-2 Escape took=true 
jump-2 Enter took=true 
jump-2 Digit1 took=true 
jump-2 Digit2 took=true 
jump-2 Digit3 took=true 
jump-2 Digit4 took=true 
jump-2 Digit5 took=true 
jump-2 Digit6 took=true 
jump-2 wheel+ took=true 
jump-2 wheel- took=true 
jump-2 shift+wheel took=true 
jump-2 lmb-tap took=true 
jump-2 lmb-hold took=true 
jump-2 rmb-tap took=true 
jump-2 rmb-hold took=true 
jump-2 mmb took=true 
jump-3 KeyW took=true 
jump-3 KeyA took=true 
jump-3 KeyS took=true 
jump-3 KeyD took=true 
jump-3 ShiftLeft took=true 
jump-3 Space took=true 
jump-3 KeyC took=true 
jump-3 KeyV took=true 
jump-3 KeyE took=true 
jump-3 KeyR took=true 
jump-3 KeyT took=true 
jump-3 KeyX took=true 
jump-3 KeyG took=true 
jump-3 KeyQ took=true 
jump-3 KeyF took=true 
jump-3 KeyZ took=true 
jump-3 KeyB took=true 
jump-3 KeyH took=true 
jump-3 KeyI took=true 
jump-3 KeyM took=true 
jump-3 KeyY took=true 
jump-3 Tab took=true 
jump-3 Escape took=true 
jump-3 Enter took=true 
jump-3 Digit1 took=true 
jump-3 Digit2 took=true 
jump-3 Digit3 took=true 
jump-3 Digit4 took=true 
jump-3 Digit5 took=true 
jump-3 Digit6 took=true 
jump-3 wheel+ took=true 
jump-3 wheel- took=true 
jump-3 shift+wheel took=true 
jump-3 lmb-tap took=true 
jump-3 lmb-hold took=true 
jump-3 rmb-tap took=true 
jump-3 rmb-hold took=true 
jump-3 mmb took=true 
falling-high KeyW took=true 
falling-high KeyA took=true 
falling-high KeyS took=true 
falling-high KeyD took=true 
falling-high ShiftLeft took=true 
falling-high Space took=true 
falling-high KeyC took=true 
falling-high KeyV took=true 
falling-high KeyE took=true 
falling-high KeyR took=true 
falling-high KeyT took=true 
falling-high KeyX took=true 
falling-high KeyG took=true 
falling-high KeyQ took=true 
falling-high KeyF took=true 
falling-high KeyZ took=true 
falling-high KeyB took=true 
falling-high KeyH took=true 
falling-high KeyI took=true 
falling-high KeyM took=true 
falling-high KeyY took=true 
falling-high Tab took=true 
falling-high Escape took=true 
falling-high Enter took=true 
falling-high Digit1 took=true 
falling-high Digit2 took=true 
falling-high Digit3 took=true 
falling-high Digit4 took=true 
falling-high Digit5 took=true 
falling-high Digit6 took=true 
falling-high wheel+ took=true 
falling-high wheel- took=true 
falling-high shift+wheel took=true 
falling-high lmb-tap took=true 
falling-high lmb-hold took=true 
falling-high rmb-tap took=true 
falling-high rmb-hold took=true 
falling-high mmb took=true 
jetpack KeyW took=true 
jetpack KeyA took=true 
jetpack KeyS took=true 
jetpack KeyD took=true 
jetpack ShiftLeft took=true 
jetpack Space took=true 
jetpack KeyC took=true 
jetpack KeyV took=true 
jetpack KeyE took=true 
jetpack KeyR took=true 
jetpack KeyT took=true 
jetpack KeyX took=true 
jetpack KeyG took=true 
jetpack KeyQ took=true 
jetpack KeyF took=true 
jetpack KeyZ took=true 
jetpack KeyB took=true 
jetpack KeyH took=true 
jetpack KeyI took=true 
jetpack KeyM took=true 
jetpack KeyY took=true 
jetpack Tab took=true 
jetpack Escape took=true 
jetpack Enter took=true 
jetpack Digit1 took=true 
jetpack Digit2 took=true 
jetpack Digit3 took=true 
jetpack Digit4 took=true 
jetpack Digit5 took=true 
jetpack Digit6 took=true 
jetpack wheel+ took=true 
jetpack wheel- took=true 
jetpack shift+wheel took=true 
jetpack lmb-tap took=true 
jetpack lmb-hold took=true 
jetpack rmb-tap took=true 
jetpack rmb-hold took=true stuck-mode:jet
jetpack mmb took=true stuck-mode:jet
jet-hover KeyW took=true 
jet-hover KeyA took=true 
jet-hover KeyS took=true 
jet-hover KeyD took=true 
jet-hover ShiftLeft took=true 
jet-hover Space took=true 
jet-hover KeyC took=true stuck-mode:jet
jet-hover KeyV took=true 
jet-hover KeyE took=true 
jet-hover KeyR took=true 
jet-hover KeyT took=true 
jet-hover KeyX took=true 
jet-hover KeyG took=true 
jet-hover KeyQ took=true 
jet-hover KeyF took=true 
jet-hover KeyZ took=true 
jet-hover KeyB took=true 
jet-hover KeyH took=true 
jet-hover KeyI took=true 
jet-hover KeyM took=true 
jet-hover KeyY took=true 
jet-hover Tab took=true 
jet-hover Escape took=true 
jet-hover Enter took=true 
jet-hover Digit1 took=true 
jet-hover Digit2 took=true 
jet-hover Digit3 took=true 
jet-hover Digit4 took=true 
jet-hover Digit5 took=true 
jet-hover Digit6 took=true 
jet-hover wheel+ took=true 
jet-hover wheel- took=true 
jet-hover shift+wheel took=true 
jet-hover lmb-tap took=true 
jet-hover lmb-hold took=true 
jet-hover rmb-tap took=true 
jet-hover rmb-hold took=true stuck-mode:jet
jet-hover mmb took=true stuck-mode:jet
grapple-pull KeyW took=true 
grapple-pull KeyA took=true 
grapple-pull KeyS took=true 
grapple-pull KeyD took=true 
grapple-pull ShiftLeft took=true 
grapple-pull Space took=true 
grapple-pull KeyC took=true 
grapple-pull KeyV took=true 
grapple-pull KeyE took=true 
grapple-pull KeyR took=true 
grapple-pull KeyT took=true 
grapple-pull KeyX took=true 
grapple-pull KeyG took=true 
grapple-pull KeyQ took=true 
grapple-pull KeyF took=true 
grapple-pull KeyZ took=true 
grapple-pull KeyB took=true 
grapple-pull KeyH took=true 
grapple-pull KeyI took=true 
grapple-pull KeyM took=true 
grapple-pull KeyY took=true 
grapple-pull Tab took=true 
grapple-pull Escape took=true 
grapple-pull Enter took=true 
grapple-pull Digit1 took=true 
grapple-pull Digit2 took=true 
grapple-pull Digit3 took=true 
grapple-pull Digit4 took=true 
grapple-pull Digit5 took=true 
grapple-pull Digit6 took=true 
grapple-pull wheel+ took=true 
grapple-pull wheel- took=true 
grapple-pull shift+wheel took=true 
grapple-pull lmb-tap took=true 
grapple-pull lmb-hold took=true 
grapple-pull rmb-tap took=true 
grapple-pull rmb-hold took=true 
grapple-pull mmb took=true 
grapple-swing KeyW took=false 
grapple-swing KeyA took=false 
grapple-swing KeyS took=false 
grapple-swing KeyD took=false 
grapple-swing ShiftLeft took=false 
grapple-swing Space took=false 
grapple-swing KeyC took=false 
grapple-swing KeyV took=false 
grapple-swing KeyE took=false 
grapple-swing KeyR took=false 
grapple-swing KeyT took=false 
grapple-swing KeyX took=false 
grapple-swing KeyG took=false 
grapple-swing KeyQ took=false 
grapple-swing KeyF took=false 
grapple-swing KeyZ took=false 
grapple-swing KeyB took=false 
grapple-swing KeyH took=false 
grapple-swing KeyI took=false 
grapple-swing KeyM took=false 
grapple-swing KeyY took=false 
grapple-swing Tab took=false 
grapple-swing Escape took=false 
grapple-swing Enter took=false 
grapple-swing Digit1 took=false 
grapple-swing Digit2 took=false 
grapple-swing Digit3 took=false 
grapple-swing Digit4 took=false 
grapple-swing Digit5 took=false 
grapple-swing Digit6 took=false 
grapple-swing wheel+ took=false 
grapple-swing wheel- took=false 
grapple-swing shift+wheel took=false 
grapple-swing lmb-tap took=false 
grapple-swing lmb-hold took=false 
grapple-swing rmb-tap took=false 
grapple-swing rmb-hold took=false 
grapple-swing mmb took=false 
cover-low KeyW took=true watchdog
cover-low KeyA took=true 
cover-low KeyS took=true 
cover-low KeyD took=true 
cover-low ShiftLeft took=true 
cover-low Space took=true 
cover-low KeyC took=true 
cover-low KeyV took=true 
cover-low KeyE took=true 
cover-low KeyR took=true 
cover-low KeyT took=true 
cover-low KeyX took=true 
cover-low KeyG took=true 
cover-low KeyQ took=true 
cover-low KeyF took=true watchdog
cover-low KeyZ took=true 
cover-low KeyB took=true 
cover-low KeyH took=true 
cover-low KeyI took=true 
cover-low KeyM took=true 
cover-low KeyY took=true 
cover-low Tab took=true 
cover-low Escape took=true 
cover-low Enter took=true watchdog
cover-low Digit1 took=true 
cover-low Digit2 took=true 
cover-low Digit3 took=true 
cover-low Digit4 took=true 
cover-low Digit5 took=true 
cover-low Digit6 took=true 
cover-low wheel+ took=true watchdog
cover-low wheel- took=true 
cover-low shift+wheel took=true 
cover-low lmb-tap took=true watchdog
cover-low lmb-hold took=true 
cover-low rmb-tap took=true 
cover-low rmb-hold took=true 
cover-low mmb took=true 
cover-peek-pistol KeyW took=true 
cover-peek-pistol KeyA took=true 
cover-peek-pistol KeyS took=true 
cover-peek-pistol KeyD took=true 
cover-peek-pistol ShiftLeft took=true 
cover-peek-pistol Space took=true 
cover-peek-pistol KeyC took=true 
cover-peek-pistol KeyV took=true 
cover-peek-pistol KeyE took=true 
cover-peek-pistol KeyR took=true 
cover-peek-pistol KeyT took=true 
cover-peek-pistol KeyX took=true 
cover-peek-pistol KeyG took=true 
cover-peek-pistol KeyQ took=true 
cover-peek-pistol KeyF took=true 
cover-peek-pistol KeyZ took=true 
cover-peek-pistol KeyB took=true watchdog
cover-peek-pistol KeyH took=true 
cover-peek-pistol KeyI took=true 
cover-peek-pistol KeyM took=true 
cover-peek-pistol KeyY took=true 
cover-peek-pistol Tab took=true 
cover-peek-pistol Escape took=true 
cover-peek-pistol Enter took=true 
cover-peek-pistol Digit1 took=true 
cover-peek-pistol Digit2 took=true 
cover-peek-pistol Digit3 took=true 
cover-peek-pistol Digit4 took=true 
cover-peek-pistol Digit5 took=true 
cover-peek-pistol Digit6 took=true 
cover-peek-pistol wheel+ took=true watchdog
cover-peek-pistol wheel- took=true 
cover-peek-pistol shift+wheel took=true 
cover-peek-pistol lmb-tap took=true watchdog
cover-peek-pistol lmb-hold took=true 
cover-peek-pistol rmb-tap took=true 
cover-peek-pistol rmb-hold took=true 
cover-peek-pistol mmb took=true 
saber-swing KeyW took=true 
saber-swing KeyA took=true 
saber-swing KeyS took=true 
saber-swing KeyD took=true 
saber-swing ShiftLeft took=true 
saber-swing Space took=true 
saber-swing KeyC took=true 
saber-swing KeyV took=true 
saber-swing KeyE took=true 
saber-swing KeyR took=true stuck-attack
saber-swing KeyT took=true 
saber-swing KeyX took=true 
saber-swing KeyG took=true 
saber-swing KeyQ took=true 
saber-swing KeyF took=true 
saber-swing KeyZ took=true 
saber-swing KeyB took=true 
saber-swing KeyH took=true 
saber-swing KeyI took=true 
saber-swing KeyM took=true 
saber-swing KeyY took=true 
saber-swing Tab took=true 
saber-swing Escape took=true 
saber-swing Enter took=true 
saber-swing Digit1 took=true 
saber-swing Digit2 took=true 
saber-swing Digit3 took=true 
saber-swing Digit4 took=true 
saber-swing Digit5 took=true 
saber-swing Digit6 took=true 
saber-swing wheel+ took=true 
saber-swing wheel- took=true 
saber-swing shift+wheel took=true 
saber-swing lmb-tap took=true 
saber-swing lmb-hold took=true 
saber-swing rmb-tap took=true 
saber-swing rmb-hold took=true 
saber-swing mmb took=true 
saber-block KeyW took=true 
saber-block KeyA took=true 
saber-block KeyS took=true 
saber-block KeyD took=true 
saber-block ShiftLeft took=true 
saber-block Space took=true 
saber-block KeyC took=true 
saber-block KeyV took=true 
saber-block KeyE took=true 
saber-block KeyR took=true 
saber-block KeyT took=true 
saber-block KeyX took=true 
saber-block KeyG took=true 
saber-block KeyQ took=true 
saber-block KeyF took=true 
saber-block KeyZ took=true 
saber-block KeyB took=true 
saber-block KeyH took=true 
saber-block KeyI took=true 
saber-block KeyM took=true 
saber-block KeyY took=true 
saber-block Tab took=true 
saber-block Escape took=true 
saber-block Enter took=true 
saber-block Digit1 took=true 
saber-block Digit2 took=true 
saber-block Digit3 took=true 
saber-block Digit4 took=true 
saber-block Digit5 took=true 
saber-block Digit6 took=true 
saber-block wheel+ took=true 
saber-block wheel- took=true 
saber-block shift+wheel took=true 
saber-block lmb-tap took=true 
saber-block lmb-hold took=true 
saber-block rmb-tap took=true 
saber-block rmb-hold took=true 
saber-block mmb took=true 
