dash-strike KeyW took=false 
dash-strike KeyA took=false 
dash-strike KeyS took=false 
dash-strike KeyD took=false 
dash-strike ShiftLeft took=false 
dash-strike Space took=false 
dash-strike KeyC took=false 
dash-strike KeyV took=false 
dash-strike KeyE took=false 
dash-strike KeyR took=false 
dash-strike KeyT took=false 
dash-strike KeyX took=false 
dash-strike KeyG took=false 
dash-strike KeyQ took=false 
dash-strike KeyF took=false 
dash-strike KeyZ took=false 
dash-strike KeyB took=false 
dash-strike KeyH took=false 
dash-strike KeyI took=false 
dash-strike KeyM took=false 
dash-strike KeyY took=false 
dash-strike Tab took=false 
dash-strike Escape took=false 
dash-strike Enter took=false 
dash-strike Digit1 took=false 
dash-strike Digit2 took=false 
dash-strike Digit3 took=false 
dash-strike Digit4 took=false 
dash-strike Digit5 took=false 
dash-strike Digit6 took=false 
dash-strike wheel+ took=false 
dash-strike wheel- took=false 
dash-strike shift+wheel took=false 
dash-strike lmb-tap took=false 
dash-strike lmb-hold took=false 
dash-strike rmb-tap took=false 
dash-strike rmb-hold took=false 
dash-strike mmb took=false 
reloading KeyW took=true 
reloading KeyA took=true 
reloading KeyS took=true 
reloading KeyD took=true 
reloading ShiftLeft took=true 
reloading Space took=true 
reloading KeyC took=true 
reloading KeyV took=true 
reloading KeyE took=true 
reloading KeyR took=true 
reloading KeyT took=true 
reloading KeyX took=true 
reloading KeyG took=true 
reloading KeyQ took=true 
reloading KeyF took=true 
reloading KeyZ took=true 
reloading KeyB took=true 
reloading KeyH took=true 
reloading KeyI took=true 
reloading KeyM took=true 
reloading KeyY took=true 
reloading Tab took=true 
reloading Escape took=true 
reloading Enter took=true 
reloading Digit1 took=true 
reloading Digit2 took=true 
reloading Digit3 took=true 
reloading Digit4 took=true 
reloading Digit5 took=true 
reloading Digit6 took=true 
reloading wheel+ took=true 
reloading wheel- took=true 
reloading shift+wheel took=true 
reloading lmb-tap took=true 
reloading lmb-hold took=true 
reloading rmb-tap took=true 
reloading rmb-hold took=true 
reloading mmb took=true 
aiming-pistol KeyW took=false 
aiming-pistol KeyA took=false 
aiming-pistol KeyS took=false 
aiming-pistol KeyD took=false 
aiming-pistol ShiftLeft took=false 
aiming-pistol Space took=false 
aiming-pistol KeyC took=false 
aiming-pistol KeyV took=false 
aiming-pistol KeyE took=false 
aiming-pistol KeyR took=false 
aiming-pistol KeyT took=false 
aiming-pistol KeyX took=false 
aiming-pistol KeyG took=false 
aiming-pistol KeyQ took=false 
aiming-pistol KeyF took=false 
aiming-pistol KeyZ took=false 
aiming-pistol KeyB took=false 
aiming-pistol KeyH took=false 
aiming-pistol KeyI took=false 
aiming-pistol KeyM took=false 
aiming-pistol KeyY took=false 
aiming-pistol Tab took=false 
aiming-pistol Escape took=false 
aiming-pistol Enter took=false 
aiming-pistol Digit1 took=false 
aiming-pistol Digit2 took=false 
aiming-pistol Digit3 took=false 
aiming-pistol Digit4 took=false 
aiming-pistol Digit5 took=false 
aiming-pistol Digit6 took=false 
aiming-pistol wheel+ took=false 
aiming-pistol wheel- took=false 
aiming-pistol shift+wheel took=false 
aiming-pistol lmb-tap took=false 
aiming-pistol lmb-hold took=false 
aiming-pistol rmb-tap took=false 
aiming-pistol rmb-hold took=false 
aiming-pistol mmb took=false 
scoped-sniper KeyW took=true 
scoped-sniper KeyA took=true 
scoped-sniper KeyS took=true 
scoped-sniper KeyD took=true 
scoped-sniper ShiftLeft took=true 
scoped-sniper Space took=true 
scoped-sniper KeyC took=true 
scoped-sniper KeyV took=true 
scoped-sniper KeyE took=true 
scoped-sniper KeyR took=true 
scoped-sniper KeyT took=true 
scoped-sniper KeyX took=true 
scoped-sniper KeyG took=true 
scoped-sniper KeyQ took=true 
scoped-sniper KeyF took=true 
scoped-sniper KeyZ took=true 
scoped-sniper KeyB took=true 
scoped-sniper KeyH took=true 
scoped-sniper KeyI took=true 
scoped-sniper KeyM took=true 
scoped-sniper KeyY took=true 
scoped-sniper Tab took=true 
scoped-sniper Escape took=true 
scoped-sniper Enter took=true 
scoped-sniper Digit1 took=true 
scoped-sniper Digit2 took=true 
scoped-sniper Digit3 took=true 
scoped-sniper Digit4 took=true 
scoped-sniper Digit5 took=true 
scoped-sniper Digit6 took=true 
scoped-sniper wheel+ took=true 
scoped-sniper wheel- took=true 
scoped-sniper shift+wheel took=true 
scoped-sniper lmb-tap took=true 
scoped-sniper lmb-hold took=true 
scoped-sniper rmb-tap took=true 
scoped-sniper rmb-hold took=true 
scoped-sniper mmb took=true 
auto-fire-ak KeyW took=true 
auto-fire-ak KeyA took=true 
auto-fire-ak KeyS took=true 
auto-fire-ak KeyD took=true 
auto-fire-ak ShiftLeft took=true 
auto-fire-ak Space took=true 
auto-fire-ak KeyC took=true 
auto-fire-ak KeyV took=true 
auto-fire-ak KeyE took=true 
auto-fire-ak KeyR took=true 
auto-fire-ak KeyT took=true 
auto-fire-ak KeyX took=true 
auto-fire-ak KeyG took=true 
auto-fire-ak KeyQ took=true 
auto-fire-ak KeyF took=true 
auto-fire-ak KeyZ took=true 
auto-fire-ak KeyB took=true 
auto-fire-ak KeyH took=true 
auto-fire-ak KeyI took=true 
auto-fire-ak KeyM took=true 
auto-fire-ak KeyY took=true 
auto-fire-ak Tab took=true 
auto-fire-ak Escape took=true 
auto-fire-ak Enter took=true 
auto-fire-ak Digit1 took=true 
auto-fire-ak Digit2 took=true 
auto-fire-ak Digit3 took=true 
auto-fire-ak Digit4 took=true 
auto-fire-ak Digit5 took=true 
auto-fire-ak Digit6 took=true 
auto-fire-ak wheel+ took=true 
auto-fire-ak wheel- took=true 
auto-fire-ak shift+wheel took=true 
auto-fire-ak lmb-tap took=true 
auto-fire-ak lmb-hold took=true 
auto-fire-ak rmb-tap took=true 
auto-fire-ak rmb-hold took=true 
auto-fire-ak mmb took=true 
throw-windup KeyW took=true 
throw-windup KeyA took=true 
throw-windup KeyS took=true 
throw-windup KeyD took=true 
throw-windup ShiftLeft took=true 
throw-windup Space took=true 
throw-windup KeyC took=true 
throw-windup KeyV took=true 
throw-windup KeyE took=true 
throw-windup KeyR took=true 
throw-windup KeyT took=true 
throw-windup KeyX took=true 
throw-windup KeyG took=true 
throw-windup KeyQ took=true 
throw-windup KeyF took=true 
throw-windup KeyZ took=true 
throw-windup KeyB took=true 
throw-windup KeyH took=true 
throw-windup KeyI took=true 
throw-windup KeyM took=true 
throw-windup KeyY took=true 
throw-windup Tab took=true 
throw-windup Escape took=true 
throw-windup Enter took=true 
throw-windup Digit1 took=true 
throw-windup Digit2 took=true 
throw-windup Digit3 took=true 
throw-windup Digit4 took=true 
throw-windup Digit5 took=true 
throw-windup Digit6 took=true 
throw-windup wheel+ took=true 
throw-windup wheel- took=true 
throw-windup shift+wheel took=true 
throw-windup lmb-tap took=true 
throw-windup lmb-hold took=true 
throw-windup rmb-tap took=true 
throw-windup rmb-hold took=true 
throw-windup mmb took=true 
takedown KeyW took=true 
takedown KeyA took=true 
takedown KeyS took=true 
takedown KeyD took=true 
takedown ShiftLeft took=true 
takedown Space took=true 
takedown KeyC took=true 
takedown KeyV took=true 
takedown KeyE took=true 
takedown KeyR took=true 
takedown KeyT took=true 
takedown KeyX took=true 
takedown KeyG took=true 
takedown KeyQ took=true 
takedown KeyF took=true stuck-attack
takedown KeyZ took=false stuck-attack
takedown KeyB took=false stuck-attack
takedown KeyH took=false stuck-attack
takedown KeyI took=false stuck-attack
takedown KeyM took=false 
takedown KeyY took=true 
takedown Tab took=true 
takedown Escape took=true 
takedown Enter took=true 
takedown Digit1 took=true 
takedown Digit2 took=true 
takedown Digit3 took=true 
takedown Digit4 took=true 
takedown Digit5 took=true 
takedown Digit6 took=true 
takedown wheel+ took=true 
takedown wheel- took=true 
takedown shift+wheel took=true 
takedown lmb-tap took=true stuck-attack
takedown lmb-hold took=true stuck-attack
takedown rmb-tap took=false stuck-attack
takedown rmb-hold took=false stuck-attack
takedown mmb took=false stuck-attack
force-choke KeyW took=true stuck-attack
force-choke KeyA took=false stuck-attack
force-choke KeyS took=false stuck-attack
force-choke KeyD took=false stuck-attack
force-choke ShiftLeft took=false stuck-attack
force-choke Space took=false stuck-attack
force-choke KeyC took=false stuck-attack
force-choke KeyV took=false stuck-attack
force-choke KeyE took=false 
force-choke KeyR took=false 
force-choke KeyT took=false 
force-choke KeyX took=false 
force-choke KeyG took=false 
force-choke KeyQ took=false 
force-choke KeyF took=false 
force-choke KeyZ took=false 
force-choke KeyB took=false 
force-choke KeyH took=false 
force-choke KeyI took=false 
force-choke KeyM took=false 
force-choke KeyY took=false 
force-choke Tab took=false 
force-choke Escape took=false 
force-choke Enter took=false 
force-choke Digit1 took=false 
force-choke Digit2 took=false 
force-choke Digit3 took=false 
force-choke Digit4 took=false 
force-choke Digit5 took=false 
force-choke Digit6 took=false 
force-choke wheel+ took=false 
force-choke wheel- took=false 
force-choke shift+wheel took=false 
force-choke lmb-tap took=false 
force-choke lmb-hold took=false 
force-choke rmb-tap took=false 
force-choke rmb-hold took=false 
force-choke mmb took=false 
force-zap KeyW took=false 
force-zap KeyA took=false 
force-zap KeyS took=false 
force-zap KeyD took=false 
force-zap ShiftLeft took=false 
force-zap Space took=false 
force-zap KeyC took=false 
force-zap KeyV took=false 
force-zap KeyE took=false 
force-zap KeyR took=false 
force-zap KeyT took=false 
force-zap KeyX took=false 
force-zap KeyG took=false 
force-zap KeyQ took=false 
force-zap KeyF took=false 
force-zap KeyZ took=false 
force-zap KeyB took=false 
force-zap KeyH took=false 
force-zap KeyI took=false 
force-zap KeyM took=false 
force-zap KeyY took=false 
force-zap Tab took=false 
force-zap Escape took=false 
force-zap Enter took=false 
force-zap Digit1 took=false 
force-zap Digit2 took=false 
force-zap Digit3 took=false 
force-zap Digit4 took=false 
force-zap Digit5 took=false 
force-zap Digit6 took=false 
force-zap wheel+ took=false 
force-zap wheel- took=false 
force-zap shift+wheel took=false 
force-zap lmb-tap took=false 
force-zap lmb-hold took=false 
force-zap rmb-tap took=false 
force-zap rmb-hold took=false 
force-zap mmb took=false 
force-pull KeyW took=true 
force-pull KeyA took=true 
force-pull KeyS took=true 
force-pull KeyD took=true 
force-pull ShiftLeft took=true 
force-pull Space took=true 
force-pull KeyC took=true 
force-pull KeyV took=true 
force-pull KeyE took=true 
force-pull KeyR took=true stuck-attack
force-pull KeyT took=true stuck-attack
force-pull KeyX took=true stuck-attack
force-pull KeyG took=true stuck-attack
force-pull KeyQ took=true stuck-attack
force-pull KeyF took=true stuck-attack
force-pull KeyZ took=true stuck-attack
force-pull KeyB took=true stuck-attack
force-pull KeyH took=true stuck-attack
force-pull KeyI took=true stuck-attack
force-pull KeyM took=true 
force-pull KeyY took=true 
force-pull Tab took=true 
force-pull Escape took=true 
force-pull Enter took=true 
force-pull Digit1 took=true 
force-pull Digit2 took=true 
force-pull Digit3 took=true 
force-pull Digit4 took=true 
force-pull Digit5 took=true 
force-pull Digit6 took=true 
force-pull wheel+ took=true 
force-pull wheel- took=true 
force-pull shift+wheel took=true 
force-pull lmb-tap took=true 
force-pull lmb-hold took=true 
force-pull rmb-tap took=true 
force-pull rmb-hold took=true 
force-pull mmb took=true 
saber-throw KeyW took=true 
saber-throw KeyA took=true 
saber-throw KeyS took=true 
saber-throw KeyD took=true 
saber-throw ShiftLeft took=true 
saber-throw Space took=true 
saber-throw KeyC took=true 
saber-throw KeyV took=true 
saber-throw KeyE took=true 
saber-throw KeyR took=true 
saber-throw KeyT took=true 
saber-throw KeyX took=true 
saber-throw KeyG took=true 
saber-throw KeyQ took=true 
saber-throw KeyF took=true 
saber-throw KeyZ took=true 
saber-throw KeyB took=true 
saber-throw KeyH took=true 
saber-throw KeyI took=true 
saber-throw KeyM took=true 
saber-throw KeyY took=true 
saber-throw Tab took=true 
saber-throw Escape took=true 
saber-throw Enter took=true 
saber-throw Digit1 took=true 
saber-throw Digit2 took=true 
saber-throw Digit3 took=true 
saber-throw Digit4 took=true 
saber-throw Digit5 took=true 
saber-throw Digit6 took=true 
saber-throw wheel+ took=true 
saber-throw wheel- took=true 
saber-throw shift+wheel took=true 
saber-throw lmb-tap took=true 
saber-throw lmb-hold took=true 
saber-throw rmb-tap took=true 
saber-throw rmb-hold took=true 
saber-throw mmb took=true 
saber-blaster KeyW took=true 
saber-blaster KeyA took=true 
saber-blaster KeyS took=true 
saber-blaster KeyD took=true 
saber-blaster ShiftLeft took=true 
saber-blaster Space took=true 
saber-blaster KeyC took=true 
saber-blaster KeyV took=true 
saber-blaster KeyE took=true 
saber-blaster KeyR took=true stuck-attack
saber-blaster KeyT took=true stuck-attack
saber-blaster KeyX took=true stuck-attack
saber-blaster KeyG took=true stuck-attack
saber-blaster KeyQ took=true stuck-attack
saber-blaster KeyF took=true stuck-attack
saber-blaster KeyZ took=true stuck-attack
saber-blaster KeyB took=true stuck-attack
saber-blaster KeyH took=true stuck-attack
saber-blaster KeyI took=true stuck-attack
saber-blaster KeyM took=true 
saber-blaster KeyY took=true 
saber-blaster Tab took=true 
saber-blaster Escape took=true 
saber-blaster Enter took=true 
saber-blaster Digit1 took=true 
saber-blaster Digit2 took=true 
saber-blaster Digit3 took=true 
saber-blaster Digit4 took=true 
saber-blaster Digit5 took=true 
saber-blaster Digit6 took=true 
saber-blaster wheel+ took=true 
saber-blaster wheel- took=true 
saber-blaster shift+wheel took=true 
saber-blaster lmb-tap took=true 
saber-blaster lmb-hold took=true 
saber-blaster rmb-tap took=true 
saber-blaster rmb-hold took=true 
saber-blaster mmb took=true 
inventory-open KeyW took=true 
inventory-open KeyA took=true 
inventory-open KeyS took=true 
inventory-open KeyD took=true 
inventory-open ShiftLeft took=true 
inventory-open Space took=true 
inventory-open KeyC took=true 
inventory-open KeyV took=true 
inventory-open KeyE took=true 
inventory-open KeyR took=true 
inventory-open KeyT took=true 
inventory-open KeyX took=true 
inventory-open KeyG took=true 
inventory-open KeyQ took=true 
inventory-open KeyF took=true 
inventory-open KeyZ took=true 
inventory-open KeyB took=true 
inventory-open KeyH took=true 
inventory-open KeyI took=true 
inventory-open KeyM took=true 
inventory-open KeyY took=true 
inventory-open Tab took=true 
inventory-open Escape took=true 
inventory-open Enter took=true 
inventory-open Digit1 took=true 
inventory-open Digit2 took=true 
inventory-open Digit3 took=true 
inventory-open Digit4 took=true 
inventory-open Digit5 took=true 
inventory-open Digit6 took=true 
inventory-open wheel+ took=true 
inventory-open wheel- took=true 
inventory-open shift+wheel took=true 
inventory-open lmb-tap took=true 
inventory-open lmb-hold took=true 
inventory-open rmb-tap took=true 
inventory-open rmb-hold took=true 
inventory-open mmb took=true 
menu-open KeyW took=true 
menu-open KeyA took=true 
menu-open KeyS took=true 
menu-open KeyD took=true 
menu-open ShiftLeft took=true 
menu-open Space took=true 
menu-open KeyC took=true 
menu-open KeyV took=true 
menu-open KeyE took=true 
menu-open KeyR took=true 
menu-open KeyT took=true 
menu-open KeyX took=true 
menu-open KeyG took=true 
menu-open KeyQ took=true 
menu-open KeyF took=true 
menu-open KeyZ took=true 
menu-open KeyB took=true 
menu-open KeyH took=true 
menu-open KeyI took=true 
menu-open KeyM took=true 
menu-open KeyY took=true 
menu-open Tab took=true 
menu-open Escape took=true 
menu-open Enter took=true 
menu-open Digit1 took=true 
menu-open Digit2 took=true 
menu-open Digit3 took=true 
menu-open Digit4 took=true 
menu-open Digit5 took=true 
menu-open Digit6 took=true 
menu-open wheel+ took=true 
menu-open wheel- took=true 
menu-open shift+wheel took=true 
menu-open lmb-tap took=true 
menu-open lmb-hold took=true 
menu-open rmb-tap took=true 
menu-open rmb-hold took=true 
menu-open mmb took=true 
weapon-panel KeyW took=true 
weapon-panel KeyA took=true 
weapon-panel KeyS took=true 
weapon-panel KeyD took=true 
weapon-panel ShiftLeft took=true 
weapon-panel Space took=true 
weapon-panel KeyC took=true 
weapon-panel KeyV took=true 
weapon-panel KeyE took=true 
weapon-panel KeyR took=true 
weapon-panel KeyT took=true 
weapon-panel KeyX took=true 
weapon-panel KeyG took=true 
weapon-panel KeyQ took=true 
weapon-panel KeyF took=true 
weapon-panel KeyZ took=true 
weapon-panel KeyB took=true 
weapon-panel KeyH took=true 
weapon-panel KeyI took=true 
weapon-panel KeyM took=true 
weapon-panel KeyY took=true 
weapon-panel Tab took=true 
weapon-panel Escape took=true 
weapon-panel Enter took=true 
weapon-panel Digit1 took=true 
weapon-panel Digit2 took=true 
weapon-panel Digit3 took=true 
weapon-panel Digit4 took=true 
weapon-panel Digit5 took=true 
weapon-panel Digit6 took=true 
weapon-panel wheel+ took=true 
weapon-panel wheel- took=true 
weapon-panel shift+wheel took=true 
weapon-panel lmb-tap took=true 
weapon-panel lmb-hold took=true 
weapon-panel rmb-tap took=true 
weapon-panel rmb-hold took=true 
weapon-panel mmb took=true 
dead KeyW took=true 
dead KeyA took=true 
dead KeyS took=true 
dead KeyD took=true 
dead ShiftLeft took=true 
dead Space took=true 
dead KeyC took=true 
dead KeyV took=true 
dead KeyE took=true 
dead KeyR took=true 
dead KeyT took=true 
dead KeyX took=true 
dead KeyG took=true 
dead KeyQ took=true 
dead KeyF took=true 
dead KeyZ took=true 
dead KeyB took=true 
dead KeyH took=true 
dead KeyI took=true 
dead KeyM took=true 
dead KeyY took=true 
dead Tab took=true 
dead Escape took=true 
dead Enter took=true 
dead Digit1 took=true 
dead Digit2 took=true 
dead Digit3 took=true 
dead Digit4 took=true 
dead Digit5 took=true 
dead Digit6 took=true 
dead wheel+ took=true 
dead wheel- took=true 
dead shift+wheel took=true 
dead lmb-tap took=true 
dead lmb-hold took=true 
dead rmb-tap took=true 
dead rmb-hold took=true 
dead mmb took=true 
in-mission KeyW took=true 
in-mission KeyA took=true 
in-mission KeyS took=true 
in-mission KeyD took=true 
in-mission ShiftLeft took=true 
in-mission Space took=true 
in-mission KeyC took=true 
in-mission KeyV took=true 
in-mission KeyE took=true 
in-mission KeyR took=true 
in-mission KeyT took=true 
in-mission KeyX took=true 
in-mission KeyG took=true 
in-mission KeyQ took=true 
in-mission KeyF took=true 
in-mission KeyZ took=true 
in-mission KeyB took=true 
in-mission KeyH took=true 
in-mission KeyI took=true 
in-mission KeyM took=true 
in-mission KeyY took=true 
in-mission Tab took=true 
in-mission Escape took=true 
in-mission Enter took=true 
in-mission Digit1 took=true 
in-mission Digit2 took=true 
in-mission Digit3 took=true 
in-mission Digit4 took=true 
in-mission Digit5 took=true 
in-mission Digit6 took=true 
in-mission wheel+ took=true 
in-mission wheel- took=true 
in-mission shift+wheel took=true 
in-mission lmb-tap took=true 
in-mission lmb-hold took=true 
in-mission rmb-tap took=true 
in-mission rmb-hold took=true 
in-mission mmb took=true 
